Last login: Sun Apr  7 15:53:32 on ttys000
igorsalakov@MacBook-Air-Igor ~ % mkdir ~/dev/my-homework
igorsalakov@MacBook-Air-Igor ~ % cd ~/dev/my-homework
igorsalakov@MacBook-Air-Igor my-homework % git init
Initialized empty Git repository in /Users/igorsalakov/dev/my-homework/.git/
igorsalakov@MacBook-Air-Igor my-homework % git status
On branch main

No commits yet

nothing to commit (create/copy files and use "git add" to track)
igorsalakov@MacBook-Air-Igor my-homework % touth homework13.txt
zsh: command not found: touth
igorsalakov@MacBook-Air-Igor my-homework % touch homework13.txt
igorsalakov@MacBook-Air-Igor my-homework % git add homework13.txt
igorsalakov@MacBook-Air-Igor my-homework % git status            
On branch main

No commits yet

Changes to be committed:
  (use "git rm --cached <file>..." to unstage)
	new file:   homework13.txt

igorsalakov@MacBook-Air-Igor my-homework % git commit -m 'Создала txt файл д/з'
[main (root-commit) e60895a] Создала txt файл д/з
igorsalakov@MacBook-Air-Igor my-homework % git remote add origin git@github.com:AnnaShalakova/my-homework.git
igorsalakov@MacBook-Air-Igor my-homework % git remote -v
origin	git@github.com:AnnaShalakova/my-homework.git (fetch)
origin	git@github.com:AnnaShalakova/my-homework.git (push)
igorsalakov@MacBook-Air-Igor my-homework % git push -u origin main
Enumerating objects: 3, done.
Counting objects: 100% (3/3), done.
Writing objects: 100% (3/3), 250 bytes | 250.00 KiB/s, done.
Total 3 (delta 0), reused 0 (delta 0), pack-reused 0
To github.com:AnnaShalakova/my-homework.git
 * [new branch]      main -> main
branch 'main' set up to track 'origin/main'.
igorsalakov@MacBook-Air-Igor my-homework % git branch new-branch  
igorsalakov@MacBook-Air-Igor my-homework % git branch
* main
  new-branch
igorsalakov@MacBook-Air-Igor my-homework % git checkout new-branch
Switched to branch 'new-branch'
igorsalakov@MacBook-Air-Igor my-homework % git branch             
  main
* new-branch
igorsalakov@MacBook-Air-Igor my-homework % touch concole.txt
igorsalakov@MacBook-Air-Igor my-homework % git status                                                        
On branch new-branch
Untracked files:
  (use "git add <file>..." to include in what will be committed)
	console.txt

nothing added to commit but untracked files present (use "git add" to track)
igorsalakov@MacBook-Air-Igor my-homework % git add 
